exports[`test should render <Root /> correctly 1`] = `
<View
  onLayout={[Function]}
  style={
    Array [
      Object {
        "backgroundColor": "transparent",
        "flex": 1,
      },
      undefined,
    ]
  }>
  <View
    style={
      Object {
        "flex": 1,
      }
    }>
    <View
      onMoveShouldSetResponder={[Function]}
      onMoveShouldSetResponderCapture={[Function]}
      onResponderEnd={[Function]}
      onResponderGrant={[Function]}
      onResponderMove={[Function]}
      onResponderReject={[Function]}
      onResponderRelease={[Function]}
      onResponderStart={[Function]}
      onResponderTerminate={[Function]}
      onResponderTerminationRequest={[Function]}
      onStartShouldSetResponder={[Function]}
      onStartShouldSetResponderCapture={[Function]}
      pointerEvents="auto"
      style={
        Object {
          "backgroundColor": "white",
          "bottom": 0,
          "left": 0,
          "opacity": 1,
          "position": "absolute",
          "right": 0,
          "top": 0,
          "transform": Array [
            Object {
              "translateX": 0,
            },
            Object {
              "translateY": 0,
            },
          ],
        }
      }>
      <View
        style={
          Array [
            Object {
              "flex": 1,
            },
            undefined,
          ]
        }>
        <View
          style={
            Object {
              "backgroundColor": "#70A1D7",
              "flex": 1,
            }
          }>
          <View
            style={
              Object {
                "flex": 1,
                "justifyContent": "space-between",
              }
            }>
            <View />
            <View
              style={
                Object {
                  "marginLeft": 15,
                  "marginRight": 15,
                  "shadowColor": "#000",
                  "shadowOffset": Object {
                    "height": 0,
                    "width": 0,
                  },
                  "shadowOpacity": 0.2,
                }
              }>
              <TextInput
                style={
                  Object {
                    "alignItems": "flex-end",
                    "backgroundColor": "#FFF",
                    "borderColor": "rgba(0, 0, 0, 0.1)",
                    "borderRadius": 2,
                    "borderWidth": 1,
                    "height": 48,
                    "justifyContent": "center",
                    "paddingLeft": 20,
                    "paddingRight": 35,
                  }
                }
                underlineColorAndroid="transparent" />
              <Image
                source={1}
                style={
                  Object {
                    "height": 18,
                    "position": "absolute",
                    "right": 20,
                    "top": 15,
                    "width": 18,
                  }
                } />
            </View>
            <View
              accessibilityComponentType="button"
              accessibilityLabel={undefined}
              accessibilityTraits={
                Array [
                  "button",
                ]
              }
              accessible={true}
              hitSlop={undefined}
              onLayout={undefined}
              onResponderGrant={[Function]}
              onResponderMove={[Function]}
              onResponderRelease={[Function]}
              onResponderTerminate={[Function]}
              onResponderTerminationRequest={[Function]}
              onStartShouldSetResponder={[Function]}
              style={
                Object {
                  "opacity": 1,
                }
              }
              testID={undefined}>
              <View
                style={
                  Array [
                    Object {
                      "alignItems": "center",
                      "backgroundColor": "#0C42FD",
                      "borderRadius": 2,
                      "elevation": 4,
                      "height": 44,
                      "justifyContent": "center",
                    },
                    Object {
                      "backgroundColor": "#A1DE93",
                    },
                  ]
                }>
                <Text
                  accessible={true}
                  allowFontScaling={true}
                  ellipsizeMode="tail"
                  style={
                    Array [
                      Object {
                        "color": "white",
                        "fontWeight": "500",
                        "padding": 8,
                        "textAlign": "center",
                      },
                      Object {
                        "color": "#FFF",
                      },
                    ]
                  }>
                  CATEGORIES
                </Text>
              </View>
            </View>
          </View>
        </View>
      </View>
    </View>
  </View>
</View>
`;
